Traceback (most recent call last):
  File "/home/adrian/conditional-form-validator-backend2/conditional-form-validator-backend/backend/venv/lib/python3.12/site-packages/httpx/_transports/default.py", line 67, in map_httpcore_exceptions
    yield
  File "/home/adrian/conditional-form-validator-backend2/conditional-form-validator-backend/backend/venv/lib/python3.12/site-packages/httpx/_transports/default.py", line 371, in handle_async_request
    resp = await self._pool.handle_async_request(req)
           ^^^^^^^^^^^^^^^^^^^^^^^^^^^^^^^^^^^^^^^^^^
  File "/home/adrian/conditional-form-validator-backend2/conditional-form-validator-backend/backend/venv/lib/python3.12/site-packages/httpcore/_async/connection_pool.py", line 256, in handle_async_request
    raise exc from None
  File "/home/adrian/conditional-form-validator-backend2/conditional-form-validator-backend/backend/venv/lib/python3.12/site-packages/httpcore/_async/connection_pool.py", line 236, in handle_async_request
    response = await connection.handle_async_request(
               ^^^^^^^^^^^^^^^^^^^^^^^^^^^^^^^^^^^^^^
  File "/home/adrian/conditional-form-validator-backend2/conditional-form-validator-backend/backend/venv/lib/python3.12/site-packages/httpcore/_async/connection.py", line 101, in handle_async_request
    raise exc
  File "/home/adrian/conditional-form-validator-backend2/conditional-form-validator-backend/backend/venv/lib/python3.12/site-packages/httpcore/_async/connection.py", line 78, in handle_async_request
    stream = await self._connect(request)
             ^^^^^^^^^^^^^^^^^^^^^^^^^^^^
  File "/home/adrian/conditional-form-validator-backend2/conditional-form-validator-backend/backend/venv/lib/python3.12/site-packages/httpcore/_async/connection.py", line 124, in _connect
    stream = await self._network_backend.connect_tcp(**kwargs)
             ^^^^^^^^^^^^^^^^^^^^^^^^^^^^^^^^^^^^^^^^^^^^^^^^^
  File "/home/adrian/conditional-form-validator-backend2/conditional-form-validator-backend/backend/venv/lib/python3.12/site-packages/httpcore/_backends/auto.py", line 31, in connect_tcp
    return await self._backend.connect_tcp(
           ^^^^^^^^^^^^^^^^^^^^^^^^^^^^^^^^
  File "/home/adrian/conditional-form-validator-backend2/conditional-form-validator-backend/backend/venv/lib/python3.12/site-packages/httpcore/_backends/anyio.py", line 113, in connect_tcp
    with map_exceptions(exc_map):
  File "/usr/lib/python3.12/contextlib.py", line 158, in __exit__
    self.gen.throw(value)
  File "/home/adrian/conditional-form-validator-backend2/conditional-form-validator-backend/backend/venv/lib/python3.12/site-packages/httpcore/_exceptions.py", line 14, in map_exceptions
    raise to_exc(exc) from exc
httpcore.ConnectError: All connection attempts failed

The above exception was the direct cause of the following exception:

Traceback (most recent call last):
  File "/home/adrian/conditional-form-validator-backend2/conditional-form-validator-backend/backend/test_user_creation.py", line 32, in <module>
    asyncio.run(test_user_creation())
  File "/usr/lib/python3.12/asyncio/runners.py", line 194, in run
    return runner.run(main)
           ^^^^^^^^^^^^^^^^
  File "/usr/lib/python3.12/asyncio/runners.py", line 118, in run
    return self._loop.run_until_complete(task)
           ^^^^^^^^^^^^^^^^^^^^^^^^^^^^^^^^^^^
  File "/usr/lib/python3.12/asyncio/base_events.py", line 687, in run_until_complete
    return future.result()
           ^^^^^^^^^^^^^^^
  File "/home/adrian/conditional-form-validator-backend2/conditional-form-validator-backend/backend/test_user_creation.py", line 8, in test_user_creation
    response = await client.post('http://localhost:8002/api/v1/auth/login', data=login_data)
               ^^^^^^^^^^^^^^^^^^^^^^^^^^^^^^^^^^^^^^^^^^^^^^^^^^^^^^^^^^^^^^^^^^^^^^^^^^^^^
  File "/home/adrian/conditional-form-validator-backend2/conditional-form-validator-backend/backend/venv/lib/python3.12/site-packages/httpx/_client.py", line 1877, in post
    return await self.request(
           ^^^^^^^^^^^^^^^^^^^
  File "/home/adrian/conditional-form-validator-backend2/conditional-form-validator-backend/backend/venv/lib/python3.12/site-packages/httpx/_client.py", line 1559, in request
    return await self.send(request, auth=auth, follow_redirects=follow_redirects)
           ^^^^^^^^^^^^^^^^^^^^^^^^^^^^^^^^^^^^^^^^^^^^^^^^^^^^^^^^^^^^^^^^^^^^^^
  File "/home/adrian/conditional-form-validator-backend2/conditional-form-validator-backend/backend/venv/lib/python3.12/site-packages/httpx/_client.py", line 1646, in send
    response = await self._send_handling_auth(
               ^^^^^^^^^^^^^^^^^^^^^^^^^^^^^^^
  File "/home/adrian/conditional-form-validator-backend2/conditional-form-validator-backend/backend/venv/lib/python3.12/site-packages/httpx/_client.py", line 1674, in _send_handling_auth
    response = await self._send_handling_redirects(
               ^^^^^^^^^^^^^^^^^^^^^^^^^^^^^^^^^^^^
  File "/home/adrian/conditional-form-validator-backend2/conditional-form-validator-backend/backend/venv/lib/python3.12/site-packages/httpx/_client.py", line 1711, in _send_handling_redirects
    response = await self._send_single_request(request)
               ^^^^^^^^^^^^^^^^^^^^^^^^^^^^^^^^^^^^^^^^
  File "/home/adrian/conditional-form-validator-backend2/conditional-form-validator-backend/backend/venv/lib/python3.12/site-packages/httpx/_client.py", line 1748, in _send_single_request
    response = await transport.handle_async_request(request)
               ^^^^^^^^^^^^^^^^^^^^^^^^^^^^^^^^^^^^^^^^^^^^^
  File "/home/adrian/conditional-form-validator-backend2/conditional-form-validator-backend/backend/venv/lib/python3.12/site-packages/httpx/_transports/default.py", line 370, in handle_async_request
    with map_httpcore_exceptions():
  File "/usr/lib/python3.12/contextlib.py", line 158, in __exit__
    self.gen.throw(value)
  File "/home/adrian/conditional-form-validator-backend2/conditional-form-validator-backend/backend/venv/lib/python3.12/site-packages/httpx/_transports/default.py", line 84, in map_httpcore_exceptions
    raise mapped_exc(message) from exc
httpx.ConnectError: All connection attempts failed
